Flutter crash report.
Please report a bug at https://github.com/flutter/flutter/issues.

## command

flutter run -d web-server --web-port 5200 --web-hostname 127.0.0.1

## exception

DartDevelopmentServiceException: DartDevelopmentServiceException: WebSocketChannelException: WebSocketException: Connection to 'http://127.0.0.1:50194/530RYHL3Fsk=/ws#' was not upgraded to websocket

```
```

## flutter doctor

```
[✓] Flutter (Channel stable, 3.47.0, on macOS 26.5.2 25F84 darwin-arm64, locale en-IN) [717ms]
    • Flutter version 3.47.0 on channel stable at /opt/homebrew/share/flutter
    • Upstream repository https://github.com/flutter/flutter.git
    • Framework revision 4cf2416426 (5 days ago), 2026-08-11 11:53:49 -0700
    • Engine revision 5f77625673
    • Dart version 3.13.0
    • DevTools version 2.60.0
    • Feature flags: enable-web, enable-linux-desktop, enable-macos-desktop, enable-windows-desktop, enable-android, enable-ios, cli-animations, enable-native-assets, enable-record-use, enable-swift-package-manager, omit-legacy-version-file, enable-lldb-debugging, enable-uiscene-migration

[!] Android toolchain - develop for Android devices (Android SDK version 36.1.0) [11.6s]
    • Android SDK at /Users/shashankbudem/Library/Android/sdk
    • Emulator version 36.5.10.0 (build_id 15081367) (CL:N/A)
    ✗ cmdline-tools component is missing.
      Try installing or updating Android Studio.
      Alternatively, download the tools from https://developer.android.com/studio#command-line-tools-only and make sure to set the ANDROID_HOME environment variable.
      See https://developer.android.com/studio/command-line for more details.
    ✗ Android license status unknown.
      Run `flutter doctor --android-licenses` to accept the SDK licenses.
      See https://flutter.dev/to/macos-android-setup for more details.

[!] Xcode - develop for iOS and macOS (Xcode 26.6) [1,338ms]
    • Xcode at /Applications/Xcode.app/Contents/Developer
    • Build 17F113
    ! CocoaPods not installed.
        CocoaPods is a package manager for iOS or macOS platform code.
        Without CocoaPods, plugins will not work on iOS or macOS.
        For more info, see https://flutter.dev/to/platform-plugins
      For installation instructions, see https://guides.cocoapods.org/using/getting-started.html#installation

[✓] Chrome - develop for the web [2ms]
    • Chrome at /Applications/Google Chrome.app/Contents/MacOS/Google Chrome

[✓] Connected device (3 available) [5.8s]
    • macOS (desktop)  • macos      • darwin-arm64   • macOS 26.5.2 25F84 darwin-arm64
    • Web Server (web) • web-server • web-javascript • Flutter Tools
    • Chrome (web)     • chrome     • web-javascript • Google Chrome 151.0.7922.138

[✓] Network resources [1,264ms]
    • All expected network resources are available.

! Doctor found issues in 2 categories.
```
